### BASE (9296f9b) bin/fm-watch.sh - real tmux pane (isolated TMUX_TMPDIR) whose foreground process is named grok, declared 'paused:' wait, busy blip (3s of Ctrl+c:cancel footer) every ~15s, FM_PAUSE_RESURFACE_SECS=60, 150s run; watcher re-armed after each exit like firstmate does
fakebin now: fm-crew-state.sh 
pane_current_command=grok
t=4s watcher exited (firstmate woken); ack and re-arm
  queued: stale fmlab:fm-parked stale: fmlab:fm-parked
t=22s watcher exited (firstmate woken); ack and re-arm
  queued: stale fmlab:fm-parked stale: fmlab:fm-parked
t=37s watcher exited (firstmate woken); ack and re-arm
  queued: stale fmlab:fm-parked stale: fmlab:fm-parked
t=56s watcher exited (firstmate woken); ack and re-arm
  queued: stale fmlab:fm-parked stale: fmlab:fm-parked
t=71s watcher exited (firstmate woken); ack and re-arm
  queued: stale fmlab:fm-parked stale: fmlab:fm-parked
t=85s watcher exited (firstmate woken); ack and re-arm
  queued: stale fmlab:fm-parked stale: fmlab:fm-parked
t=103s watcher exited (firstmate woken); ack and re-arm
  queued: stale fmlab:fm-parked stale: fmlab:fm-parked
t=118s watcher exited (firstmate woken); ack and re-arm
  queued: stale fmlab:fm-parked stale: fmlab:fm-parked
t=136s watcher exited (firstmate woken); ack and re-arm
  queued: stale fmlab:fm-parked stale: fmlab:fm-parked
t=150s watcher exited (firstmate woken); ack and re-arm
  queued: stale fmlab:fm-parked stale: fmlab:fm-parked
--- final pane:
  transcript line 1
  transcript line 2
  transcript line 3
  transcript line 4
  transcript line 5
  transcript line 6
  transcript line 7
  transcript line 8
  transcript line 9
  transcript line 10
  transcript line 11
  transcript line 12
  transcript line 13
  transcript line 14
parked on a declared wait (idle after blip 9)
--- watcher tail:
stale: fmlab:fm-parked
stale: fmlab:fm-parked
stale: fmlab:fm-parked
stale: fmlab:fm-parked
stale: fmlab:fm-parked
--- stale wakes queued for fmlab:fm-parked over 150s (resurface=60s, blips=1):
0
--- wake-queue kinds:
--- triage log tail:
[2026-09-23T14:10:41-0400] absorbed stale (paused, awaiting external, age 137s): fmlab:fm-parked
[2026-09-23T14:10:42-0400] absorbed stale (paused, awaiting external, age 138s): fmlab:fm-parked
[2026-09-23T14:10:44-0400] absorbed stale (paused, awaiting external, age 140s): fmlab:fm-parked
[2026-09-23T14:10:45-0400] absorbed stale (paused, awaiting external, age 141s): fmlab:fm-parked
[2026-09-23T14:10:46-0400] absorbed stale (paused, awaiting external, age 142s): fmlab:fm-parked
[2026-09-23T14:10:48-0400] absorbed stale (paused, awaiting external, age 144s): fmlab:fm-parked
--- absorbed-paused lines: 53
